------------------------------------------------------------
Timing Analyzer Summary
------------------------------------------------------------

Type  : Slow 1200mV 85C Model Setup 'RX_C3'
Slack : -1.811
TNS   : -98.941

Type  : Slow 1200mV 85C Model Setup 'FT_CLK'
Slack : 0.472
TNS   : 0.000

Type  : Slow 1200mV 85C Model Setup 'LMK_CLK'
Slack : 5.830
TNS   : 0.000

Type  : Slow 1200mV 85C Model Setup 'ONCHIP_FLASH_CLK'
Slack : 11.585
TNS   : 0.000

Type  : Slow 1200mV 85C Model Setup 'FPGA_SPI_SCLK_FPGA'
Slack : 17.718
TNS   : 0.000

Type  : Slow 1200mV 85C Model Setup 'DUAL_BOOT_CLK'
Slack : 18.549
TNS   : 0.000

Type  : Slow 1200mV 85C Model Setup 'FPGA_SPI_SCLK_out'
Slack : 31.278
TNS   : 0.000

Type  : Slow 1200mV 85C Model Setup 'altera_reserved_tck'
Slack : 45.934
TNS   : 0.000

Type  : Slow 1200mV 85C Model Hold 'LMK_CLK'
Slack : 0.169
TNS   : 0.000

Type  : Slow 1200mV 85C Model Hold 'RX_C3'
Slack : 0.278
TNS   : 0.000

Type  : Slow 1200mV 85C Model Hold 'FT_CLK'
Slack : 0.308
TNS   : 0.000

Type  : Slow 1200mV 85C Model Hold 'altera_reserved_tck'
Slack : 0.360
TNS   : 0.000

Type  : Slow 1200mV 85C Model Hold 'FPGA_SPI_SCLK_FPGA'
Slack : 0.363
TNS   : 0.000

Type  : Slow 1200mV 85C Model Hold 'DUAL_BOOT_CLK'
Slack : 1.876
TNS   : 0.000

Type  : Slow 1200mV 85C Model Hold 'ONCHIP_FLASH_CLK'
Slack : 4.583
TNS   : 0.000

Type  : Slow 1200mV 85C Model Hold 'FPGA_SPI_SCLK_out'
Slack : 34.008
TNS   : 0.000

Type  : Slow 1200mV 85C Model Recovery 'RX_C3'
Slack : -1.925
TNS   : -11.550

Type  : Slow 1200mV 85C Model Recovery 'FT_CLK'
Slack : 5.866
TNS   : 0.000

Type  : Slow 1200mV 85C Model Recovery 'LMK_CLK'
Slack : 7.908
TNS   : 0.000

Type  : Slow 1200mV 85C Model Recovery 'FPGA_SPI_SCLK_FPGA'
Slack : 18.104
TNS   : 0.000

Type  : Slow 1200mV 85C Model Recovery 'altera_reserved_tck'
Slack : 97.636
TNS   : 0.000

Type  : Slow 1200mV 85C Model Removal 'RX_C3'
Slack : 0.986
TNS   : 0.000

Type  : Slow 1200mV 85C Model Removal 'FPGA_SPI_SCLK_FPGA'
Slack : 1.196
TNS   : 0.000

Type  : Slow 1200mV 85C Model Removal 'altera_reserved_tck'
Slack : 1.234
TNS   : 0.000

Type  : Slow 1200mV 85C Model Removal 'LMK_CLK'
Slack : 1.365
TNS   : 0.000

Type  : Slow 1200mV 85C Model Removal 'FT_CLK'
Slack : 2.262
TNS   : 0.000

Type  : Slow 1200mV 85C Model Minimum Pulse Width 'DUAL_BOOT_CLK'
Slack : 0.000
TNS   : 0.000

Type  : Slow 1200mV 85C Model Minimum Pulse Width 'LMS_MCLK2'
Slack : 1.750
TNS   : 0.000

Type  : Slow 1200mV 85C Model Minimum Pulse Width 'RX_C3'
Slack : 1.750
TNS   : 0.000

Type  : Slow 1200mV 85C Model Minimum Pulse Width 'LMS_FCLK1'
Slack : 3.556
TNS   : 0.000

Type  : Slow 1200mV 85C Model Minimum Pulse Width 'LMS_FCLK2'
Slack : 3.556
TNS   : 0.000

Type  : Slow 1200mV 85C Model Minimum Pulse Width 'RX_C2'
Slack : 3.556
TNS   : 0.000

Type  : Slow 1200mV 85C Model Minimum Pulse Width 'TX_C0'
Slack : 3.556
TNS   : 0.000

Type  : Slow 1200mV 85C Model Minimum Pulse Width 'LMS_MCLK1'
Slack : 4.000
TNS   : 0.000

Type  : Slow 1200mV 85C Model Minimum Pulse Width 'FT_CLK'
Slack : 4.554
TNS   : 0.000

Type  : Slow 1200mV 85C Model Minimum Pulse Width 'LMK_CLK'
Slack : 10.411
TNS   : 0.000

Type  : Slow 1200mV 85C Model Minimum Pulse Width 'ONCHIP_FLASH_CLK'
Slack : 47.872
TNS   : 0.000

Type  : Slow 1200mV 85C Model Minimum Pulse Width 'FPGA_SPI_SCLK_FPGA'
Slack : 49.525
TNS   : 0.000

Type  : Slow 1200mV 85C Model Minimum Pulse Width 'FPGA_SPI_SCLK'
Slack : 49.700
TNS   : 0.000

Type  : Slow 1200mV 85C Model Minimum Pulse Width 'altera_reserved_tck'
Slack : 49.732
TNS   : 0.000

Type  : Slow 1200mV 85C Model Minimum Pulse Width 'FPGA_SPI_SCLK_out'
Slack : 95.556
TNS   : 0.000

Type  : Slow 1200mV 0C Model Setup 'RX_C3'
Slack : -1.051
TNS   : -43.557

Type  : Slow 1200mV 0C Model Setup 'FT_CLK'
Slack : 1.022
TNS   : 0.000

Type  : Slow 1200mV 0C Model Setup 'LMK_CLK'
Slack : 6.147
TNS   : 0.000

Type  : Slow 1200mV 0C Model Setup 'ONCHIP_FLASH_CLK'
Slack : 12.316
TNS   : 0.000

Type  : Slow 1200mV 0C Model Setup 'FPGA_SPI_SCLK_FPGA'
Slack : 18.042
TNS   : 0.000

Type  : Slow 1200mV 0C Model Setup 'DUAL_BOOT_CLK'
Slack : 18.763
TNS   : 0.000

Type  : Slow 1200mV 0C Model Setup 'FPGA_SPI_SCLK_out'
Slack : 31.305
TNS   : 0.000

Type  : Slow 1200mV 0C Model Setup 'altera_reserved_tck'
Slack : 46.054
TNS   : 0.000

Type  : Slow 1200mV 0C Model Hold 'LMK_CLK'
Slack : 0.084
TNS   : 0.000

Type  : Slow 1200mV 0C Model Hold 'RX_C3'
Slack : 0.252
TNS   : 0.000

Type  : Slow 1200mV 0C Model Hold 'FT_CLK'
Slack : 0.280
TNS   : 0.000

Type  : Slow 1200mV 0C Model Hold 'altera_reserved_tck'
Slack : 0.323
TNS   : 0.000

Type  : Slow 1200mV 0C Model Hold 'FPGA_SPI_SCLK_FPGA'
Slack : 0.324
TNS   : 0.000

Type  : Slow 1200mV 0C Model Hold 'DUAL_BOOT_CLK'
Slack : 1.520
TNS   : 0.000

Type  : Slow 1200mV 0C Model Hold 'ONCHIP_FLASH_CLK'
Slack : 4.077
TNS   : 0.000

Type  : Slow 1200mV 0C Model Hold 'FPGA_SPI_SCLK_out'
Slack : 33.919
TNS   : 0.000

Type  : Slow 1200mV 0C Model Recovery 'RX_C3'
Slack : -1.138
TNS   : -6.828

Type  : Slow 1200mV 0C Model Recovery 'FT_CLK'
Slack : 6.044
TNS   : 0.000

Type  : Slow 1200mV 0C Model Recovery 'LMK_CLK'
Slack : 8.202
TNS   : 0.000

Type  : Slow 1200mV 0C Model Recovery 'FPGA_SPI_SCLK_FPGA'
Slack : 18.299
TNS   : 0.000

Type  : Slow 1200mV 0C Model Recovery 'altera_reserved_tck'
Slack : 97.776
TNS   : 0.000

Type  : Slow 1200mV 0C Model Removal 'RX_C3'
Slack : 0.902
TNS   : 0.000

Type  : Slow 1200mV 0C Model Removal 'FPGA_SPI_SCLK_FPGA'
Slack : 0.976
TNS   : 0.000

Type  : Slow 1200mV 0C Model Removal 'altera_reserved_tck'
Slack : 1.103
TNS   : 0.000

Type  : Slow 1200mV 0C Model Removal 'LMK_CLK'
Slack : 1.179
TNS   : 0.000

Type  : Slow 1200mV 0C Model Removal 'FT_CLK'
Slack : 2.027
TNS   : 0.000

Type  : Slow 1200mV 0C Model Minimum Pulse Width 'DUAL_BOOT_CLK'
Slack : 0.000
TNS   : 0.000

Type  : Slow 1200mV 0C Model Minimum Pulse Width 'LMS_MCLK2'
Slack : 1.750
TNS   : 0.000

Type  : Slow 1200mV 0C Model Minimum Pulse Width 'RX_C3'
Slack : 1.750
TNS   : 0.000

Type  : Slow 1200mV 0C Model Minimum Pulse Width 'RX_C2'
Slack : 3.515
TNS   : 0.000

Type  : Slow 1200mV 0C Model Minimum Pulse Width 'LMS_FCLK1'
Slack : 3.556
TNS   : 0.000

Type  : Slow 1200mV 0C Model Minimum Pulse Width 'LMS_FCLK2'
Slack : 3.556
TNS   : 0.000

Type  : Slow 1200mV 0C Model Minimum Pulse Width 'TX_C0'
Slack : 3.556
TNS   : 0.000

Type  : Slow 1200mV 0C Model Minimum Pulse Width 'LMS_MCLK1'
Slack : 4.000
TNS   : 0.000

Type  : Slow 1200mV 0C Model Minimum Pulse Width 'FT_CLK'
Slack : 4.569
TNS   : 0.000

Type  : Slow 1200mV 0C Model Minimum Pulse Width 'LMK_CLK'
Slack : 10.380
TNS   : 0.000

Type  : Slow 1200mV 0C Model Minimum Pulse Width 'ONCHIP_FLASH_CLK'
Slack : 47.857
TNS   : 0.000

Type  : Slow 1200mV 0C Model Minimum Pulse Width 'FPGA_SPI_SCLK_FPGA'
Slack : 49.330
TNS   : 0.000

Type  : Slow 1200mV 0C Model Minimum Pulse Width 'FPGA_SPI_SCLK'
Slack : 49.595
TNS   : 0.000

Type  : Slow 1200mV 0C Model Minimum Pulse Width 'altera_reserved_tck'
Slack : 49.734
TNS   : 0.000

Type  : Slow 1200mV 0C Model Minimum Pulse Width 'FPGA_SPI_SCLK_out'
Slack : 95.556
TNS   : 0.000

Type  : Fast 1200mV 0C Model Setup 'RX_C3'
Slack : 1.334
TNS   : 0.000

Type  : Fast 1200mV 0C Model Setup 'FT_CLK'
Slack : 2.176
TNS   : 0.000

Type  : Fast 1200mV 0C Model Setup 'LMK_CLK'
Slack : 9.159
TNS   : 0.000

Type  : Fast 1200mV 0C Model Setup 'ONCHIP_FLASH_CLK'
Slack : 19.700
TNS   : 0.000

Type  : Fast 1200mV 0C Model Setup 'DUAL_BOOT_CLK'
Slack : 21.866
TNS   : 0.000

Type  : Fast 1200mV 0C Model Setup 'FPGA_SPI_SCLK_FPGA'
Slack : 21.920
TNS   : 0.000

Type  : Fast 1200mV 0C Model Setup 'FPGA_SPI_SCLK_out'
Slack : 33.591
TNS   : 0.000

Type  : Fast 1200mV 0C Model Setup 'altera_reserved_tck'
Slack : 48.196
TNS   : 0.000

Type  : Fast 1200mV 0C Model Hold 'LMK_CLK'
Slack : -0.034
TNS   : -0.034

Type  : Fast 1200mV 0C Model Hold 'RX_C3'
Slack : 0.097
TNS   : 0.000

Type  : Fast 1200mV 0C Model Hold 'FT_CLK'
Slack : 0.111
TNS   : 0.000

Type  : Fast 1200mV 0C Model Hold 'FPGA_SPI_SCLK_FPGA'
Slack : 0.152
TNS   : 0.000

Type  : Fast 1200mV 0C Model Hold 'altera_reserved_tck'
Slack : 0.152
TNS   : 0.000

Type  : Fast 1200mV 0C Model Hold 'DUAL_BOOT_CLK'
Slack : 0.491
TNS   : 0.000

Type  : Fast 1200mV 0C Model Hold 'ONCHIP_FLASH_CLK'
Slack : 0.774
TNS   : 0.000

Type  : Fast 1200mV 0C Model Hold 'FPGA_SPI_SCLK_out'
Slack : 34.719
TNS   : 0.000

Type  : Fast 1200mV 0C Model Recovery 'RX_C3'
Slack : 2.601
TNS   : 0.000

Type  : Fast 1200mV 0C Model Recovery 'FT_CLK'
Slack : 8.154
TNS   : 0.000

Type  : Fast 1200mV 0C Model Recovery 'LMK_CLK'
Slack : 10.634
TNS   : 0.000

Type  : Fast 1200mV 0C Model Recovery 'FPGA_SPI_SCLK_FPGA'
Slack : 22.148
TNS   : 0.000

Type  : Fast 1200mV 0C Model Recovery 'altera_reserved_tck'
Slack : 98.926
TNS   : 0.000

Type  : Fast 1200mV 0C Model Removal 'FPGA_SPI_SCLK_FPGA'
Slack : 0.373
TNS   : 0.000

Type  : Fast 1200mV 0C Model Removal 'RX_C3'
Slack : 0.410
TNS   : 0.000

Type  : Fast 1200mV 0C Model Removal 'altera_reserved_tck'
Slack : 0.495
TNS   : 0.000

Type  : Fast 1200mV 0C Model Removal 'LMK_CLK'
Slack : 0.641
TNS   : 0.000

Type  : Fast 1200mV 0C Model Removal 'FT_CLK'
Slack : 0.948
TNS   : 0.000

Type  : Fast 1200mV 0C Model Minimum Pulse Width 'DUAL_BOOT_CLK'
Slack : 0.000
TNS   : 0.000

Type  : Fast 1200mV 0C Model Minimum Pulse Width 'LMS_MCLK2'
Slack : 2.955
TNS   : 0.000

Type  : Fast 1200mV 0C Model Minimum Pulse Width 'RX_C3'
Slack : 3.535
TNS   : 0.000

Type  : Fast 1200mV 0C Model Minimum Pulse Width 'TX_C0'
Slack : 3.546
TNS   : 0.000

Type  : Fast 1200mV 0C Model Minimum Pulse Width 'RX_C2'
Slack : 3.580
TNS   : 0.000

Type  : Fast 1200mV 0C Model Minimum Pulse Width 'LMS_FCLK1'
Slack : 4.000
TNS   : 0.000

Type  : Fast 1200mV 0C Model Minimum Pulse Width 'LMS_FCLK2'
Slack : 4.000
TNS   : 0.000

Type  : Fast 1200mV 0C Model Minimum Pulse Width 'LMS_MCLK1'
Slack : 4.000
TNS   : 0.000

Type  : Fast 1200mV 0C Model Minimum Pulse Width 'FT_CLK'
Slack : 4.261
TNS   : 0.000

Type  : Fast 1200mV 0C Model Minimum Pulse Width 'LMK_CLK'
Slack : 10.091
TNS   : 0.000

Type  : Fast 1200mV 0C Model Minimum Pulse Width 'ONCHIP_FLASH_CLK'
Slack : 47.951
TNS   : 0.000

Type  : Fast 1200mV 0C Model Minimum Pulse Width 'FPGA_SPI_SCLK_FPGA'
Slack : 49.638
TNS   : 0.000

Type  : Fast 1200mV 0C Model Minimum Pulse Width 'altera_reserved_tck'
Slack : 49.695
TNS   : 0.000

Type  : Fast 1200mV 0C Model Minimum Pulse Width 'FPGA_SPI_SCLK'
Slack : 49.893
TNS   : 0.000

Type  : Fast 1200mV 0C Model Minimum Pulse Width 'FPGA_SPI_SCLK_out'
Slack : 96.000
TNS   : 0.000

------------------------------------------------------------
